Godot Engine v4.7.2.stable.official.ed1daf0bf - https://godotengine.org

ERROR: Failed to read the root certificate store.
   at: get_system_ca_certificates (platform/windows/os_windows.cpp:2582)
[   0% ] [90m[1mfirst_scan_filesystem[22m | Started Inicialización del proyecto (5 steps)[39m[0m
[   0% ] [90m[1mfirst_scan_filesystem[22m | Escaneando la estructura del archivo...[39m[0m
[  16% ] [90m[1mfirst_scan_filesystem[22m | Cargando nombres de clases globales...[39m[0m
[  33% ] [90m[1mfirst_scan_filesystem[22m | Verificando GDExtensions...[39m[0m
[  50% ] [90m[1mfirst_scan_filesystem[22m | Creando scripts de carga automática...[39m[0m
[  66% ] [90m[1mfirst_scan_filesystem[22m | Inicializando plugins...[39m[0m
[  83% ] [90m[1mfirst_scan_filesystem[22m | Iniciando escaneo de archivos...[39m[0m
[92m[ DONE ][39m [1mfirst_scan_filesystem[22m
[0m
[   0% ] [90m[1mupdate_scripts_classes[22m | Started Registrando clases globales... (6 steps)[39m[0m
[   0% ] [90m[1mupdate_scripts_classes[22m | [39m[0m
[  14% ] [90m[1mupdate_scripts_classes[22m | [39m[0m
[  28% ] [90m[1mupdate_scripts_classes[22m | [39m[0m
[  42% ] [90m[1mupdate_scripts_classes[22m | CosmeticsPanel[39m[0m
[  57% ] [90m[1mupdate_scripts_classes[22m | [39m[0m
[  71% ] [90m[1mupdate_scripts_classes[22m | [39m[0m
[92m[ DONE ][39m [1mupdate_scripts_classes[22m
[0m
[   0% ] [90m[1m_update_scan_actions[22m | Started Escaneando acciones... (14 steps)[39m[0m
[   0% ] [90m[1m_update_scan_actions[22m | eyes_classic.svg[39m[0m
[   6% ] [90m[1m_update_scan_actions[22m | eyes_joyful.svg[39m[0m
[  13% ] [90m[1m_update_scan_actions[22m | eyes_lashes.svg[39m[0m
[  20% ] [90m[1m_update_scan_actions[22m | eyes_none.svg[39m[0m
[  26% ] [90m[1m_update_scan_actions[22m | eyes_sleepy.svg[39m[0m
[  33% ] [90m[1m_update_scan_actions[22m | eyes_wink.svg[39m[0m
[  40% ] [90m[1m_update_scan_actions[22m | eyes_worried.svg[39m[0m
[  46% ] [90m[1m_update_scan_actions[22m | mouth_grin.svg[39m[0m
[  53% ] [90m[1m_update_scan_actions[22m | mouth_laugh.svg[39m[0m
[  60% ] [90m[1m_update_scan_actions[22m | mouth_none.svg[39m[0m
[  66% ] [90m[1m_update_scan_actions[22m | mouth_pout.svg[39m[0m
[  73% ] [90m[1m_update_scan_actions[22m | mouth_smile.svg[39m[0m
[  80% ] [90m[1m_update_scan_actions[22m | mouth_surprised.svg[39m[0m
[  86% ] [90m[1m_update_scan_actions[22m | mouth_tongue.svg[39m[0m
[92m[ DONE ][39m [1m_update_scan_actions[22m
[0m
[   0% ] [90m[1mreimport[22m | Started (Re)Importación de Assets (14 steps)[39m[0m
[   0% ] [90m[1mreimport[22m | Preparando archivos para reimportarlos...[39m[0m
[   6% ] [90m[1mreimport[22m | Preparando archivos para reimportarlos...[39m[0m
[  13% ] [90m[1mreimport[22m | Preparando archivos para reimportarlos...[39m[0m
[  20% ] [90m[1mreimport[22m | Preparando archivos para reimportarlos...[39m[0m
[  26% ] [90m[1mreimport[22m | Preparando archivos para reimportarlos...[39m[0m
[  33% ] [90m[1mreimport[22m | Preparando archivos para reimportarlos...[39m[0m
[  40% ] [90m[1mreimport[22m | Preparando archivos para reimportarlos...[39m[0m
[  46% ] [90m[1mreimport[22m | Preparando archivos para reimportarlos...[39m[0m
[  53% ] [90m[1mreimport[22m | Preparando archivos para reimportarlos...[39m[0m
[  60% ] [90m[1mreimport[22m | Preparando archivos para reimportarlos...[39m[0m
[  66% ] [90m[1mreimport[22m | Preparando archivos para reimportarlos...[39m[0m
[  73% ] [90m[1mreimport[22m | Preparando archivos para reimportarlos...[39m[0m
[  80% ] [90m[1mreimport[22m | Preparando archivos para reimportarlos...[39m[0m
[  86% ] [90m[1mreimport[22m | Preparando archivos para reimportarlos...[39m[0m
[   0% ] [90m[1mreimport[22m | Ejecutando operaciones de pre-reimportación...[39m[0m
[   0% ] [90m[1mreimport[22m | eyes_classic.svg[39m[0m
[   6% ] [90m[1mreimport[22m | eyes_joyful.svg[39m[0m
[  13% ] [90m[1mreimport[22m | eyes_lashes.svg[39m[0m
[  20% ] [90m[1mreimport[22m | eyes_none.svg[39m[0m
[  26% ] [90m[1mreimport[22m | eyes_sleepy.svg[39m[0m
[  33% ] [90m[1mreimport[22m | eyes_wink.svg[39m[0m
[  40% ] [90m[1mreimport[22m | eyes_worried.svg[39m[0m
[  46% ] [90m[1mreimport[22m | mouth_grin.svg[39m[0m
[  53% ] [90m[1mreimport[22m | mouth_laugh.svg[39m[0m
[  60% ] [90m[1mreimport[22m | mouth_none.svg[39m[0m
[  66% ] [90m[1mreimport[22m | mouth_pout.svg[39m[0m
[  73% ] [90m[1mreimport[22m | mouth_smile.svg[39m[0m
[  80% ] [90m[1mreimport[22m | mouth_surprised.svg[39m[0m
[  86% ] [90m[1mreimport[22m | mouth_tongue.svg[39m[0m
[  93% ] [90m[1mreimport[22m | Finalizando la importación de recursos...[39m[0m
[92m[ DONE ][39m [1mreimport[22m
[0m
[   0% ] [90m[1mreimport[22m | Started (Re)Importación de Assets (14 steps)[39m[0m
[   0% ] [90m[1mreimport[22m | Ejecutando operaciones post-reimportación...[39m[0m
[92m[ DONE ][39m [1mreimport[22m
[0m
[   0% ] [90m[1mloading_editor_layout[22m | Started Cargando editor (5 steps)[39m[0m
[   0% ] [90m[1mloading_editor_layout[22m | Cargando diseño del editor...[39m[0m
[  16% ] [90m[1mloading_editor_layout[22m | Cargando docks...[39m[0m
[  33% ] [90m[1mloading_editor_layout[22m | Reabriendo escenas...[39m[0m
[  50% ] [90m[1mloading_editor_layout[22m | Cargando el diseño del editor central...[39m[0m
[  66% ] [90m[1mloading_editor_layout[22m | Cargando Layout de la ventana del plugin...[39m[0m
[  83% ] [90m[1mloading_editor_layout[22m | Diseño del editor listo.[39m[0m
[92m[ DONE ][39m [1mloading_editor_layout[22m
[0m
